[1/120] winner=v17_cpp_mcts aborted=False
[2/120] winner=v6_heuristic aborted=False
[3/120] winner=v6_heuristic aborted=False
[4/120] winner=v6_heuristic aborted=False
[5/120] winner=v17_cpp_mcts aborted=False
[6/120] winner=v17_cpp_mcts aborted=False
[7/120] winner=v6_heuristic aborted=False
[8/120] winner=v6_heuristic aborted=False
[9/120] winner=v17_cpp_mcts aborted=False
[10/120] winner=v6_heuristic aborted=False
[11/120] winner=v6_heuristic aborted=False
[12/120] winner=v17_cpp_mcts aborted=False
[13/120] winner=v6_heuristic aborted=False
[14/120] winner=v17_cpp_mcts aborted=False
[15/120] winner=v6_heuristic aborted=False
[16/120] winner=v17_cpp_mcts aborted=False
[17/120] winner=v6_heuristic aborted=False
[18/120] winner=v17_cpp_mcts aborted=False
[19/120] winner=v17_cpp_mcts aborted=False
[20/120] winner=v6_heuristic aborted=False
[21/120] winner=v6_heuristic aborted=False
[22/120] winner=v6_heuristic aborted=False
[23/120] winner=v6_heuristic aborted=False
[24/120] winner=v17_cpp_mcts aborted=False
[25/120] winner=v17_cpp_mcts aborted=False
[26/120] winner=v6_heuristic aborted=False
[27/120] winner=v17_cpp_mcts aborted=False
[28/120] winner=v17_cpp_mcts aborted=False
[29/120] winner=v6_heuristic aborted=False
[30/120] winner=v17_cpp_mcts aborted=False
[31/120] winner=v17_cpp_mcts aborted=False
[32/120] winner=v17_cpp_mcts aborted=False
[33/120] winner=v17_cpp_mcts aborted=False
[34/120] winner=v6_heuristic aborted=False
[35/120] winner=v6_heuristic aborted=False
[36/120] winner=v6_heuristic aborted=False
[37/120] winner=v17_cpp_mcts aborted=False
[38/120] winner=v6_heuristic aborted=False
[39/120] winner=v6_heuristic aborted=False
[40/120] winner=v17_cpp_mcts aborted=False
[41/120] winner=v6_heuristic aborted=False
[42/120] winner=v6_heuristic aborted=False
[43/120] winner=v6_heuristic aborted=False
[44/120] winner=v6_heuristic aborted=False
[45/120] winner=v6_heuristic aborted=False
[46/120] winner=v6_heuristic aborted=False
[47/120] winner=v6_heuristic aborted=False
[48/120] winner=v6_heuristic aborted=False
[49/120] winner=v6_heuristic aborted=False
[50/120] winner=v17_cpp_mcts aborted=False
[51/120] winner=v17_cpp_mcts aborted=False
[52/120] winner=v17_cpp_mcts aborted=False
[53/120] winner=v6_heuristic aborted=False
[54/120] winner=v17_cpp_mcts aborted=False
[55/120] winner=v17_cpp_mcts aborted=False
[56/120] winner=v17_cpp_mcts aborted=False
[57/120] winner=v6_heuristic aborted=False
[58/120] winner=v17_cpp_mcts aborted=False
[59/120] winner=v17_cpp_mcts aborted=False
[60/120] winner=v6_heuristic aborted=False
[61/120] winner=v17_cpp_mcts aborted=False
[62/120] winner=v17_cpp_mcts aborted=False
[63/120] winner=v6_heuristic aborted=False
[64/120] winner=v6_heuristic aborted=False
[65/120] winner=v17_cpp_mcts aborted=False
[66/120] winner=v17_cpp_mcts aborted=False
[67/120] winner=v17_cpp_mcts aborted=False
[68/120] winner=v6_heuristic aborted=False
[69/120] winner=v6_heuristic aborted=False
[70/120] winner=v6_heuristic aborted=False
[71/120] winner=v17_cpp_mcts aborted=False
[72/120] winner=v6_heuristic aborted=False
[73/120] winner=v17_cpp_mcts aborted=False
[74/120] winner=v6_heuristic aborted=False
[75/120] winner=v6_heuristic aborted=False
[76/120] winner=v17_cpp_mcts aborted=False
[77/120] winner=v6_heuristic aborted=False
[78/120] winner=v17_cpp_mcts aborted=False
[79/120] winner=v17_cpp_mcts aborted=False
[80/120] winner=v6_heuristic aborted=False
[81/120] winner=v17_cpp_mcts aborted=False
[82/120] winner=v6_heuristic aborted=False
[83/120] winner=v17_cpp_mcts aborted=False
[84/120] winner=v6_heuristic aborted=False
[85/120] winner=v17_cpp_mcts aborted=False
[86/120] winner=v6_heuristic aborted=False
[87/120] winner=v17_cpp_mcts aborted=False
[88/120] winner=v6_heuristic aborted=False
[89/120] winner=v17_cpp_mcts aborted=False
[90/120] winner=v17_cpp_mcts aborted=False
[91/120] winner=v17_cpp_mcts aborted=False
[92/120] winner=v6_heuristic aborted=False
[93/120] winner=v17_cpp_mcts aborted=False
[94/120] winner=v6_heuristic aborted=False
[95/120] winner=v6_heuristic aborted=False
[96/120] winner=v17_cpp_mcts aborted=False
[97/120] winner=v17_cpp_mcts aborted=False
[98/120] winner=v17_cpp_mcts aborted=False
[99/120] winner=v6_heuristic aborted=False
[100/120] winner=v17_cpp_mcts aborted=False
[101/120] winner=v6_heuristic aborted=False
[102/120] winner=v6_heuristic aborted=False
[103/120] winner=v17_cpp_mcts aborted=False
[104/120] winner=v17_cpp_mcts aborted=False
[105/120] winner=v6_heuristic aborted=False
[106/120] winner=v6_heuristic aborted=False
[107/120] winner=v6_heuristic aborted=False
[108/120] winner=v17_cpp_mcts aborted=False
[109/120] winner=v17_cpp_mcts aborted=False
[110/120] winner=v17_cpp_mcts aborted=False
[111/120] winner=v17_cpp_mcts aborted=False
[112/120] winner=v6_heuristic aborted=False
[113/120] winner=v6_heuristic aborted=False
[114/120] winner=v6_heuristic aborted=False
[115/120] winner=v6_heuristic aborted=False
[116/120] winner=v17_cpp_mcts aborted=False
[117/120] winner=v6_heuristic aborted=False
[118/120] winner=v6_heuristic aborted=False
[119/120] winner=v17_cpp_mcts aborted=False
[120/120] winner=v6_heuristic aborted=False
Collection done in 2898.3s

# V17 MCTS vs V6-Greedy Divergence Analysis

Games: 120 | V17 losses: 63 | V17 wins: 57
Decisions where a real search ran: 4089
Decisions where MCTS's final pick != V6's raw greedy pick ("diverged"): 578 (14.1% of searched decisions)

## Terminal-reward correlation (testing the mean-scaling hypothesis)

- Diverged decisions where at least one backing rollout hit a terminal (+-1,000,000) reward: 87/578 (15.1%)
- Non-diverged decisions where at least one backing rollout hit a terminal reward: 1040/3511 (29.6%)

If divergence is disproportionately associated with a terminal-reward hit, that directly supports the hypothesis that a single rare simulated conclusion (not a stable multi-sample signal) is what's flipping MCTS's pick away from the greedy choice.

## Top Divergence Patterns (MCTS override vs V6 greedy)

### MCTS:[PLAY] vs V6:[PLAY]
- Occurrences: 102 | In games V17 lost: 57 | Win rate when this diverged: 44.1%
- Of these, backed by a rollout that hit a terminal reward: 16/102 (15.7%)
  - game 1 decision 4 (turn 1, visits=218, hit_terminal=False): MCTS played Team Rocket's Watchtower (attackId=None) | V6 would have played Team Rocket's Watchtower (attackId=None)
  - game 1 decision 41 (turn 11, visits=138, hit_terminal=False): MCTS played Brock’s Scouting (attackId=None) | V6 would have played Crushing Hammer (attackId=None)
  - game 2 decision 32 (turn 11, visits=158, hit_terminal=False): MCTS played Ultra Ball (attackId=None) | V6 would have played Buddy-Buddy Poffin (attackId=None)

### MCTS:[ATTACH] vs V6:[PLAY]
- Occurrences: 88 | In games V17 lost: 51 | Win rate when this diverged: 42.0%
- Of these, backed by a rollout that hit a terminal reward: 10/88 (11.4%)
  - game 1 decision 27 (turn 11, visits=143, hit_terminal=False): MCTS played Basic {P} Energy (attackId=None) | V6 would have played Buddy-Buddy Poffin (attackId=None)
  - game 2 decision 5 (turn 3, visits=198, hit_terminal=False): MCTS played Basic {P} Energy (attackId=None) | V6 would have played Meowth ex (attackId=None)
  - game 3 decision 28 (turn 5, visits=151, hit_terminal=False): MCTS played Basic {P} Energy (attackId=None) | V6 would have played Crispin (attackId=None)

### MCTS:[PLAY] vs V6:[ABILITY]
- Occurrences: 48 | In games V17 lost: 31 | Win rate when this diverged: 35.4%
- Of these, backed by a rollout that hit a terminal reward: 9/48 (18.8%)
  - game 1 decision 35 (turn 11, visits=131, hit_terminal=False): MCTS played Unfair Stamp (attackId=None) | V6 would have played None (attackId=None)
  - game 3 decision 11 (turn 3, visits=164, hit_terminal=False): MCTS played Lillie's Determination (attackId=None) | V6 would have played None (attackId=None)
  - game 3 decision 71 (turn 11, visits=142, hit_terminal=False): MCTS played Unfair Stamp (attackId=None) | V6 would have played None (attackId=None)

### MCTS:[ATTACK] vs V6:[PLAY]
- Occurrences: 46 | In games V17 lost: 20 | Win rate when this diverged: 56.5%
- Of these, backed by a rollout that hit a terminal reward: 18/46 (39.1%)
  - game 1 decision 43 (turn 11, visits=145, hit_terminal=False): MCTS played None (attackId=152) | V6 would have played Crushing Hammer (attackId=None)
  - game 2 decision 9 (turn 3, visits=196, hit_terminal=False): MCTS played None (attackId=151) | V6 would have played Lillie's Determination (attackId=None)
  - game 2 decision 13 (turn 5, visits=185, hit_terminal=False): MCTS played None (attackId=150) | V6 would have played Dreepy (attackId=None)

### MCTS:[ATTACH] vs V6:[ATTACH]
- Occurrences: 40 | In games V17 lost: 20 | Win rate when this diverged: 50.0%
- Of these, backed by a rollout that hit a terminal reward: 6/40 (15.0%)
  - game 1 decision 14 (turn 5, visits=170, hit_terminal=False): MCTS played Basic {R} Energy (attackId=None) | V6 would have played Basic {R} Energy (attackId=None)
  - game 3 decision 12 (turn 3, visits=160, hit_terminal=False): MCTS played Lucky Helmet (attackId=None) | V6 would have played Lucky Helmet (attackId=None)
  - game 10 decision 13 (turn 3, visits=175, hit_terminal=False): MCTS played Basic {R} Energy (attackId=None) | V6 would have played Basic {P} Energy (attackId=None)

### MCTS:[EVOLVE] vs V6:[PLAY]
- Occurrences: 32 | In games V17 lost: 20 | Win rate when this diverged: 37.5%
- Of these, backed by a rollout that hit a terminal reward: 0/32 (0.0%)
  - game 1 decision 38 (turn 11, visits=146, hit_terminal=False): MCTS played Drakloak (attackId=None) | V6 would have played Crushing Hammer (attackId=None)
  - game 2 decision 42 (turn 11, visits=164, hit_terminal=False): MCTS played Drakloak (attackId=None) | V6 would have played Crushing Hammer (attackId=None)
  - game 12 decision 9 (turn 3, visits=190, hit_terminal=False): MCTS played Drakloak (attackId=None) | V6 would have played Crispin (attackId=None)

### MCTS:[ATTACK] vs V6:[ABILITY]
- Occurrences: 29 | In games V17 lost: 11 | Win rate when this diverged: 62.1%
- Of these, backed by a rollout that hit a terminal reward: 3/29 (10.3%)
  - game 12 decision 39 (turn 9, visits=164, hit_terminal=False): MCTS played None (attackId=152) | V6 would have played None (attackId=None)
  - game 12 decision 71 (turn 13, visits=137, hit_terminal=False): MCTS played None (attackId=153) | V6 would have played None (attackId=None)
  - game 19 decision 46 (turn 9, visits=150, hit_terminal=False): MCTS played None (attackId=154) | V6 would have played None (attackId=None)

### MCTS:[ATTACH] vs V6:[ABILITY]
- Occurrences: 26 | In games V17 lost: 13 | Win rate when this diverged: 50.0%
- Of these, backed by a rollout that hit a terminal reward: 3/26 (11.5%)
  - game 3 decision 13 (turn 3, visits=164, hit_terminal=False): MCTS played Basic {P} Energy (attackId=None) | V6 would have played None (attackId=None)
  - game 12 decision 14 (turn 3, visits=194, hit_terminal=False): MCTS played Basic {P} Energy (attackId=None) | V6 would have played None (attackId=None)
  - game 38 decision 23 (turn 5, visits=178, hit_terminal=False): MCTS played Basic {R} Energy (attackId=None) | V6 would have played None (attackId=None)

### MCTS:[ATTACH] vs V6:[EVOLVE]
- Occurrences: 19 | In games V17 lost: 14 | Win rate when this diverged: 26.3%
- Of these, backed by a rollout that hit a terminal reward: 3/19 (15.8%)
  - game 7 decision 11 (turn 3, visits=184, hit_terminal=False): MCTS played Basic {P} Energy (attackId=None) | V6 would have played Drakloak (attackId=None)
  - game 14 decision 18 (turn 3, visits=167, hit_terminal=False): MCTS played Basic {R} Energy (attackId=None) | V6 would have played Drakloak (attackId=None)
  - game 22 decision 14 (turn 3, visits=196, hit_terminal=False): MCTS played Basic {R} Energy (attackId=None) | V6 would have played Drakloak (attackId=None)

### MCTS:[ATTACK] vs V6:[ATTACH]
- Occurrences: 17 | In games V17 lost: 12 | Win rate when this diverged: 29.4%
- Of these, backed by a rollout that hit a terminal reward: 3/17 (17.6%)
  - game 2 decision 29 (turn 9, visits=172, hit_terminal=False): MCTS played None (attackId=323) | V6 would have played Basic {R} Energy (attackId=None)
  - game 19 decision 20 (turn 3, visits=179, hit_terminal=False): MCTS played None (attackId=323) | V6 would have played Basic {R} Energy (attackId=None)
  - game 19 decision 45 (turn 7, visits=150, hit_terminal=False): MCTS played None (attackId=153) | V6 would have played Basic {R} Energy (attackId=None)

### MCTS:[ABILITY] vs V6:[EVOLVE]
- Occurrences: 17 | In games V17 lost: 6 | Win rate when this diverged: 64.7%
- Of these, backed by a rollout that hit a terminal reward: 1/17 (5.9%)
  - game 20 decision 11 (turn 5, visits=163, hit_terminal=False): MCTS played None (attackId=None) | V6 would have played Dragapult ex (attackId=None)
  - game 22 decision 26 (turn 7, visits=176, hit_terminal=False): MCTS played None (attackId=None) | V6 would have played Dragapult ex (attackId=None)
  - game 34 decision 18 (turn 9, visits=175, hit_terminal=False): MCTS played None (attackId=None) | V6 would have played Dragapult ex (attackId=None)

### MCTS:[ABILITY] vs V6:[PLAY]
- Occurrences: 15 | In games V17 lost: 10 | Win rate when this diverged: 33.3%
- Of these, backed by a rollout that hit a terminal reward: 5/15 (33.3%)
  - game 1 decision 39 (turn 11, visits=146, hit_terminal=False): MCTS played None (attackId=None) | V6 would have played Crushing Hammer (attackId=None)
  - game 3 decision 72 (turn 11, visits=145, hit_terminal=False): MCTS played None (attackId=None) | V6 would have played Poké Pad (attackId=None)
  - game 12 decision 49 (turn 11, visits=150, hit_terminal=False): MCTS played None (attackId=None) | V6 would have played Dreepy (attackId=None)

### MCTS:[EVOLVE] vs V6:[EVOLVE]
- Occurrences: 15 | In games V17 lost: 9 | Win rate when this diverged: 40.0%
- Of these, backed by a rollout that hit a terminal reward: 1/15 (6.7%)
  - game 1 decision 34 (turn 11, visits=138, hit_terminal=False): MCTS played Drakloak (attackId=None) | V6 would have played Drakloak (attackId=None)
  - game 3 decision 10 (turn 3, visits=158, hit_terminal=False): MCTS played Drakloak (attackId=None) | V6 would have played Drakloak (attackId=None)
  - game 28 decision 13 (turn 3, visits=170, hit_terminal=False): MCTS played Drakloak (attackId=None) | V6 would have played Drakloak (attackId=None)

### MCTS:[ATTACK] vs V6:[EVOLVE]
- Occurrences: 15 | In games V17 lost: 9 | Win rate when this diverged: 40.0%
- Of these, backed by a rollout that hit a terminal reward: 1/15 (6.7%)
  - game 14 decision 19 (turn 3, visits=166, hit_terminal=False): MCTS played None (attackId=323) | V6 would have played Drakloak (attackId=None)
  - game 16 decision 18 (turn 7, visits=168, hit_terminal=False): MCTS played None (attackId=150) | V6 would have played Drakloak (attackId=None)
  - game 22 decision 15 (turn 3, visits=175, hit_terminal=False): MCTS played None (attackId=323) | V6 would have played Drakloak (attackId=None)

### MCTS:[RETREAT] vs V6:[PLAY]
- Occurrences: 14 | In games V17 lost: 9 | Win rate when this diverged: 35.7%
- Of these, backed by a rollout that hit a terminal reward: 1/14 (7.1%)
  - game 2 decision 14 (turn 7, visits=183, hit_terminal=False): MCTS played None (attackId=None) | V6 would have played Dreepy (attackId=None)
  - game 28 decision 37 (turn 9, visits=141, hit_terminal=False): MCTS played None (attackId=None) | V6 would have played Dreepy (attackId=None)
  - game 59 decision 28 (turn 5, visits=172, hit_terminal=False): MCTS played None (attackId=None) | V6 would have played Crushing Hammer (attackId=None)

## PLAY-vs-EVOLVE Card Tally (which card MCTS chose to play instead of evolving)

### Cards played in games V17 LOST

- Crispin: 2
- Night Stretcher: 1
- Budew: 1
- Lillie's Determination: 1

### Cards played in games V17 WON

- Lillie's Determination: 1

## Raw Data

- Per-decision: `results\v17_divergence\raw_decisions.jsonl`
- Per-game: `results\v17_divergence\raw_games.jsonl`

Report written to C:\Users\sertru1000\Projects\PokemonGame\results\v17_divergence\report.md
